Fail: cat(friar_fudge)

no
Call: cat(friar_fudge)

yes