Call: cat(prof_oreo)

yes
Call: cat(prof_oreo)

X = prof_oreo
Redo: cat(sir_nut)

X = sir_nut